CNumber 0
CNumber 1
CNumber 2
CNumber 3
CNumber 4
CNumber 5
CNumber 6
CNumber 7
CNumber 8
CNumber 9
